12:41:05 **** Auto Build of configuration Debug for project bootloader2 ****
make all 
'Building file: ../src/bootloader.c'
'Invoking: MicroBlaze gcc compiler'
mb-gcc -Wall -Os -c -fmessage-length=0 -MT"src/bootloader.o" -I../../7_22_bsp/microblaze_0/include -mlittle-endian -mxl-barrel-shift -mxl-pattern-compare -mno-xl-soft-div -mcpu=v10.0 -mno-xl-soft-mul -mxl-multiply-high -mhard-float -mxl-float-convert -mxl-float-sqrt -Wl,--no-relax -ffunction-sections -fdata-sections -MMD -MP -MF"src/bootloader.d" -MT"src/bootloader.o" -o "src/bootloader.o" "../src/bootloader.c"
../src/bootloader.c:29:2: warning: #warning "Please correct the 8 definitions below!" [-Wcpp]
 #warning "Please correct the 8 definitions below!"
  ^~~~~~~
'Finished building: ../src/bootloader.c'
' '
'Building target: bootloader2.elf'
'Invoking: MicroBlaze gcc linker'
mb-gcc -Wl,-T -Wl,../src/lscript.ld -L../../7_22_bsp/microblaze_0/lib -mlittle-endian -mxl-barrel-shift -mxl-pattern-compare -mno-xl-soft-div -mcpu=v10.0 -mno-xl-soft-mul -mxl-multiply-high -mhard-float -mxl-float-convert -mxl-float-sqrt -Wl,--no-relax -Wl,--gc-sections -o "bootloader2.elf"  ./src/bootloader.o   -Wl,--start-group,-lxil,-lgcc,-lc,--end-group
'Finished building target: bootloader2.elf'
' '
'Invoking: MicroBlaze Print Size'
mb-size bootloader2.elf  |tee "bootloader2.elf.size"
   text	   data	    bss	    dec	    hex	filename
   8144	    360	   2712	  11216	   2bd0	bootloader2.elf
'Finished building: bootloader2.elf.size'
' '

12:41:06 Build Finished (took 708ms)

